DB::table('members')->where('is_active', '=', 0)->count();