DB::table(DB::raw('members'))->where(function (Builder $query) { $query->where('age', '=', 25)->orWhere(function (Builder $query) { $query->where('salary', '=', 2000)->where('gender', '=', 'm');});})->where('id', '>', 100800)->get();