DB::table('members')->orderByDesc('name')->orderBy('surname')->get();