DB::table('members')->join('details', 'members.id', '=', 'details.members_id')->get();