DB::table('members')->leftJoin('details', 'members.id', '=', 'details.members_id')->get();