DB::table('members')->rightJoin('details', 'members.id', '=', 'details.members_id')->get();