DB::table('members')->where([['age', 25], ['name', 'David']])->get();