DB::table('members')->where('age', '=', 25)->get();