DB::table('members')->whereBetween('age', [20, 20])->get();