DB::table('members')->where('age', '>', 30)->orWhere(function (Builder $query) { $query->where('name', 'LIKE', 'J%')->orWhere(function (Builder $query) { $query->where('surname', '=', 'P')->whereNotNull('name');});})->where('AGE', '!=', 30)->get();