DB::table('members')->whereIn('age', [20, 30])->get();