DB::table('members')->whereNotBetween('age', [20, 20])->get();