DB::table('members')->whereNotIn('age', [20, 30])->get();