DB::table('members')->whereBetween('age', [20, 40])->orWhereNotBetween('age', [40, 45])->get();