DB::table('members')->where('age', '=', 25)->where('name', '=', 'David')->get();