DB::table('members')->whereDate('created_at', '=', '2021-03-31')->get();