DB::table('members')->whereDay('created_at', '=', 15)->get();