DB::table('members')->whereMonth('created_at', '=', 12)->get();