DB::table('members')->whereTime('created_at', '=', '11:20:45')->get();