DB::table('members')->whereYear('created_at', '=', 1991)->get();