DB::table('members')->havingBetween('age', [25, 35])->get();