DB::table('members')->havingRaw('age+20 > ?', [45])->orHavingRaw('salary-200 > ?', [500])->get();