DB::table('members')->select('name', 'age', 'salary', 'gender')->having('name', 'like', '%R')->having('gender', '=', 'm')->orHaving('salary', '>', 1000)->having('gender', '=', 0)->havingRaw('age+2 = ?', [25])->get();