DB::table('members')->where('id', '=', 2)->update(['age' => 10]);