DB::table('members')->select('name', 'surname', 'surname')->offset(20)->limit(10)->get();