DB::table('members')->where('id', '>', 100)->offset(20)->limit(10)->get();