DB::table('members')->insert(['name' => 'Jökull', 'surname' => 'Júlíusson', 'age' => 30]);