DB::table('members')->select('age', 'salary', DB::raw('count(*)'))->groupBy(['age', 'salary'])->get();