DB::table('members')->where(function (Builder $query) { $query->where('age', '>', 10)->where('salary', '>', 2000)->orWhere('age', '>', 9);}, null, null, 'and not')->where(function (Builder $query) { $query->where('age', '<', 10);}, null, null, 'or not')->delete();