DB::table('members')->where('age', '>', 10)->orWhere('salary', '>', 2000)->delete();