DB::table('members')->where('age', '>', 10)->delete();